3 4 0.560
8 9 0.050
17 18 0.050
17 18 0.060
17 18 0.060
19 20 0.060
19 20 0.060
19 20 0.050
37 38 0.070
37 38 0.080
37 38 0.070
53 54 0.090
53 54 0.090
53 54 0.100
71 72 0.100
71 72 0.090
71 72 0.100
73 74 0.110
73 74 0.100
73 74 0.100
89 90 0.120
89 90 0.130
89 90 0.130
107 108 0.160
107 108 0.140
107 108 0.130
109 110 0.140
109 110 0.140
109 110 0.140
125 126 0.170
127 128 0.160
127 128 0.160
127 128 0.170
163 164 0.230
163 164 0.220
163 164 0.240
179 180 0.260
179 180 0.270
179 180 0.260
181 182 0.270
181 182 0.280
181 182 0.260
197 198 0.300
197 198 0.290
197 198 0.300
199 200 0.310
199 200 0.330
199 200 0.340
233 234 0.420
233 234 0.420
233 234 0.430
251 252 0.500
251 252 0.560
251 252 0.510
269 270 0.600
269 270 0.560
269 270 0.590
271 272 0.610
271 272 0.630
271 272 0.610
307 308 0.870
307 308 0.860
307 308 0.870
343 344 1.070
359 360 1.320
359 360 1.430
359 360 1.320
379 380 1.680
379 380 1.550
379 380 1.600
397 398 1.860
397 398 1.730
397 398 1.870
431 432 2.660
431 432 2.540
431 432 2.490
433 434 2.800
433 434 2.500
433 434 2.160
449 450 3.090
449 450 2.590
449 450 2.490
467 468 3.720
467 468 2.840
467 468 3.170
487 488 3.460
487 488 3.640
487 488 3.620
503 504 4.210
503 504 4.000
503 504 3.810
521 522 4.710
521 522 4.790
521 522 5.080
523 524 4.800
523 524 4.870
523 524 5.130
541 542 5.650
541 542 5.490
541 542 5.610
557 558 5.710
557 558 6.480
557 558 5.720
577 578 5.830
577 578 7.540
577 578 6.650
593 594 7.930
593 594 8.210
593 594 6.240
613 614 8.620
613 614 8.050
613 614 8.350
631 632 9.750
631 632 9.120
631 632 7.850
647 648 10.190
647 648 10.700
647 648 10.340
683 684 13.280
683 684 13.210
683 684 12.760
701 702 13.810
701 702 13.760
701 702 13.560
719 720 14.630
719 720 16.340
719 720 15.410
739 740 17.710
739 740 17.000
739 740 17.860
757 758 18.860
757 758 19.140
757 758 19.500
773 774 22.540
773 774 20.850
773 774 22.370
809 810 29.140
809 810 26.460
809 810 23.940
811 812 26.770
811 812 24.510
811 812 29.220
827 828 27.750
827 828 28.410
827 828 27.950
829 830 28.800
829 830 26.560
829 830 30.990
863 864 34.410
863 864 32.620
863 864 32.730
881 882 36.240
881 882 36.510
881 882 34.400
883 884 37.000
883 884 36.980
883 884 42.170
919 920 42.010
919 920 38.570
919 920 42.960
937 938 45.040
937 938 43.140
937 938 45.060
953 954 45.740
953 954 46.840
953 954 47.800
971 972 56.220
971 972 55.280
971 972 52.690
991 992 60.380
991 992 57.390
991 992 51.300
1009 1010 68.350
1153 1154 103.620
1279 1280 190.230
1511 1512 685.310
1637 1638 1279.790
1889 1890 2476.800
2141 2142 4195.580
2341 2342 7073.800
2593 2594 8245.350
2897 2898 16965.990
3259 3260 14557.160
3671 3672 29779.610
4139 4140 38851.850
4519 4520 58788.030
5059 5060 94538.260
5741 5742 158143.100
6337 6338 221466.960
7109 7110 381586.950
7901 7902 594251.480
8819 8820 893034.270
9901 9902 1306480.040
11087 11088 2093069.670
12421 12422 3306752.600
