[8, 9, 86, 2]
[17, 18, 191, 2]
[17, 18, 169, 2]
[17, 18, 175, 2]
[53, 54, 192, 3]
[53, 54, 184, 3]
[53, 54, 222, 3]
[71, 72, 193, 1]
[71, 72, 188, 1]
[71, 72, 205, 1]
[73, 74, 210, 4]
[73, 74, 218, 4]
[73, 74, 357, 5]
[89, 90, 226, 4]
[89, 90, 210, 3]
[89, 90, 219, 4]
[107, 108, 210, 2]
[107, 108, 226, 2]
[107, 108, 235, 2]
[109, 110, 302, 4]
[109, 110, 300, 4]
[109, 110, 272, 4]
[125, 126, 160, 4]
[127, 128, 248, 4]
[127, 128, 284, 5]
[127, 128, 313, 4]
[163, 164, 325, 4]
[163, 164, 283, 5]
[163, 164, 293, 4]
[179, 180, 310, 3]
[179, 180, 286, 3]
[179, 180, 339, 3]
[181, 182, 562, 5]
[181, 182, 299, 5]
[181, 182, 313, 5]
[197, 198, 274, 5]
[197, 198, 329, 6]
[197, 198, 280, 5]
[199, 200, 318, 5]
[199, 200, 291, 5]
[199, 200, 324, 5]
[233, 234, 382, 6]
[233, 234, 346, 6]
[233, 234, 338, 6]
[251, 252, 332, 4]
[251, 252, 357, 4]
[251, 252, 439, 5]
[269, 270, 385, 11]
[269, 270, 358, 9]
[269, 270, 336, 6]
[271, 272, 403, 7]
[271, 272, 468, 6]
[271, 272, 481, 6]
[307, 308, 472, 8]
[307, 308, 416, 7]
[307, 308, 481, 7]
[343, 344, 818, 8]
[359, 360, 491, 6]
[359, 360, 606, 6]
[359, 360, 533, 6]
[379, 380, 566, 8]
[379, 380, 448, 8]
[379, 380, 509, 9]
[397, 398, 484, 8]
[397, 398, 542, 8]
[397, 398, 631, 9]
[431, 432, 543, 7]
[431, 432, 693, 7]
[431, 432, 794, 7]
[433, 434, 634, 10]
[433, 434, 1127, 9]
[433, 434, 737, 11]
[449, 450, 540, 9]
[449, 450, 780, 10]
[449, 450, 729, 9]
[467, 468, 635, 8]
[467, 468, 574, 8]
[467, 468, 590, 8]
[487, 488, 837, 10]
[487, 488, 679, 10]
[487, 488, 749, 10]
[503, 504, 676, 8]
[503, 504, 806, 9]
[503, 504, 730, 9]
[521, 522, 700, 11]
[521, 522, 828, 11]
[521, 522, 892, 11]
[523, 524, 791, 11]
[523, 524, 741, 11]
[523, 524, 734, 11]
[541, 542, 1146, 11]
[541, 542, 769, 12]
[541, 542, 701, 10]
[557, 558, 739, 20]
[557, 558, 856, 11]
[557, 558, 680, 11]
[577, 578, 815, 12]
[577, 578, 888, 12]
[577, 578, 1543, 12]
[593, 594, 1163, 12]
[593, 594, 973, 12]
[593, 594, 1071, 12]
[613, 614, 1397, 13]
[613, 614, 1051, 13]
[613, 614, 1091, 13]
[631, 632, 902, 13]
[631, 632, 806, 16]
[631, 632, 1025, 13]
[647, 648, 992, 12]
[647, 648, 1068, 11]
[647, 648, 1471, 12]
[683, 684, 1247, 12]
[683, 684, 872, 12]
[683, 684, 897, 13]
[701, 702, 1122, 15]
[701, 702, 1032, 15]
[701, 702, 1805, 14]
[719, 720, 1304, 13]
[719, 720, 1072, 13]
[719, 720, 1088, 13]
[739, 740, 1372, 15]
[739, 740, 1576, 16]
[739, 740, 1038, 15]
[757, 758, 1189, 16]
[757, 758, 1118, 15]
[757, 758, 1237, 16]
[773, 774, 1039, 15]
[773, 774, 1344, 16]
[773, 774, 1176, 16]
[809, 810, 1429, 17]
[809, 810, 1279, 17]
[809, 810, 1357, 17]
[811, 812, 2167, 16]
[811, 812, 1367, 16]
[811, 812, 1298, 19]
[827, 828, 1407, 16]
[827, 828, 2142, 14]
[827, 828, 1456, 14]
[829, 830, 1513, 17]
[829, 830, 1565, 18]
[829, 830, 1412, 18]
[863, 864, 1305, 16]
[863, 864, 1917, 17]
[863, 864, 1450, 16]
[881, 882, 1350, 19]
[881, 882, 1669, 18]
[881, 882, 1550, 19]
[883, 884, 1584, 17]
[883, 884, 1557, 17]
[883, 884, 1352, 18]
[919, 920, 3024, 19]
[919, 920, 1528, 19]
[919, 920, 1523, 21]
[937, 938, 1849, 20]
[937, 938, 1883, 20]
[937, 938, 1506, 20]
[953, 954, 1652, 20]
[953, 954, 2093, 20]
[953, 954, 1829, 35]
[971, 972, 2100, 18]
[971, 972, 1485, 15]
[971, 972, 1593, 20]
[991, 992, 1845, 20]
[991, 992, 1957, 20]
[991, 992, 1572, 21]
[1009, 1010, 2255, 21]
[1153, 1154, 2033, 25]
[1279, 1280, 2663, 27]
[1511, 1512, 3141, 31]
[1637, 1638, 4073, 37]
[1889, 1890, 6141, 38]
[2141, 2142, 5434, 48]
[2341, 2342, 7225, 54]
[2593, 2594, 12114, 60]
[2897, 2898, 9135, 67]
[3259, 3260, 10358, 81]
[3671, 3672, 13919, 87]
[4139, 4140, 17041, 107]
[4519, 4520, 19722, 125]
[5059, 5060, 29269, 137]
[5741, 5742, 33629, 165]
[6337, 6338, 31561, 195]
[7109, 7110, 44116, 235]
[7901, 7902, 48845, 272]
[8819, 8820, 57297, 307]
[9901, 9902, 79921, 382]
[11087, 11088, 98057, 465]
[12421, 12422, 118825, 564]
[13807, 13808, 125382, 765]
[15443, 15444, 172023, 836]
[17099, 17100, 182534, 1097]
[18973, 18974, 223712, 1350]
[8, 9, 107, 4]
[21169, 21170, 272637, 1633]
[8, 9, 70, 2]
[17, 18, 160, 3]
[17, 18, 167, 2]
[17, 18, 166, 3]
[53, 54, 184, 3]
[53, 54, 176, 3]
[53, 54, 190, 4]
[71, 72, 210, 2]
[71, 72, 191, 2]
[71, 72, 197, 2]
[73, 74, 222, 4]
[73, 74, 190, 4]
[73, 74, 254, 3]
[89, 90, 218, 4]
[89, 90, 201, 4]
[89, 90, 201, 4]
[107, 108, 223, 2]
[107, 108, 225, 3]
[107, 108, 232, 3]
[109, 110, 244, 5]
[109, 110, 217, 4]
[109, 110, 219, 4]
[125, 126, 113, 4]
[127, 128, 229, 4]
[127, 128, 243, 4]
[127, 128, 232, 4]
[163, 164, 335, 5]
[163, 164, 281, 5]
[163, 164, 284, 5]
[179, 180, 306, 3]
[179, 180, 262, 4]
[179, 180, 279, 4]
[181, 182, 265, 6]
[181, 182, 306, 6]
[181, 182, 334, 6]
[197, 198, 232, 6]
[197, 198, 343, 5]
[197, 198, 282, 6]
[199, 200, 282, 5]
[199, 200, 268, 5]
[199, 200, 258, 6]
[233, 234, 356, 6]
[233, 234, 333, 6]
[233, 234, 287, 6]
[251, 252, 327, 5]
[251, 252, 385, 4]
[251, 252, 320, 5]
[269, 270, 687, 6]
[269, 270, 406, 7]
[269, 270, 366, 7]
[271, 272, 366, 7]
[271, 272, 409, 7]
[271, 272, 344, 7]
[307, 308, 367, 7]
[307, 308, 489, 8]
[307, 308, 370, 8]
[343, 344, 567, 8]
[359, 360, 572, 6]
[359, 360, 488, 7]
[359, 360, 569, 7]
[379, 380, 463, 9]
[379, 380, 464, 8]
[379, 380, 498, 9]
[397, 398, 626, 9]
[397, 398, 553, 9]
[397, 398, 684, 9]
[431, 432, 548, 8]
[431, 432, 601, 8]
[431, 432, 470, 8]
[433, 434, 767, 9]
[433, 434, 593, 10]
[433, 434, 603, 10]
[449, 450, 836, 9]
[449, 450, 522, 10]
[449, 450, 832, 10]
[467, 468, 551, 8]
[467, 468, 624, 8]
[467, 468, 578, 9]
[487, 488, 512, 10]
[487, 488, 817, 10]
[487, 488, 938, 10]
[503, 504, 582, 9]
[503, 504, 748, 9]
[503, 504, 587, 9]
[521, 522, 566, 11]
[521, 522, 630, 11]
[521, 522, 802, 11]
[523, 524, 637, 11]
[523, 524, 583, 11]
[523, 524, 552, 11]
[541, 542, 675, 12]
[541, 542, 683, 11]
[541, 542, 670, 12]
[557, 558, 645, 12]
[557, 558, 761, 12]
[557, 558, 754, 11]
[577, 578, 758, 13]
[577, 578, 748, 12]
[577, 578, 879, 13]
[593, 594, 964, 12]
[593, 594, 888, 13]
[593, 594, 919, 12]
[613, 614, 773, 13]
[613, 614, 758, 13]
[613, 614, 1029, 13]
[631, 632, 816, 13]
[631, 632, 799, 12]
[631, 632, 1033, 13]
[647, 648, 879, 12]
[647, 648, 827, 12]
[647, 648, 1150, 12]
[683, 684, 925, 13]
[683, 684, 969, 12]
[683, 684, 888, 12]
[701, 702, 900, 14]
[701, 702, 1051, 14]
[701, 702, 1303, 15]
[719, 720, 792, 13]
[719, 720, 863, 13]
[719, 720, 1146, 13]
[739, 740, 1035, 14]
[739, 740, 1089, 15]
[739, 740, 913, 15]
[757, 758, 1247, 15]
[757, 758, 1017, 16]
[757, 758, 1235, 15]
[773, 774, 1100, 15]
[773, 774, 1175, 16]
[773, 774, 1338, 16]
[809, 810, 1166, 16]
[809, 810, 1160, 16]
[809, 810, 943, 16]
[811, 812, 1463, 16]
[811, 812, 1071, 16]
[811, 812, 1092, 17]
[827, 828, 1238, 14]
[827, 828, 1107, 14]
[827, 828, 1203, 15]
[829, 830, 1261, 17]
[829, 830, 1650, 16]
[829, 830, 1266, 17]
[863, 864, 3084, 15]
[863, 864, 1476, 15]
[863, 864, 1144, 16]
[881, 882, 1151, 17]
[881, 882, 1428, 18]
[881, 882, 1476, 17]
[883, 884, 1466, 17]
[883, 884, 1043, 17]
[883, 884, 1624, 17]
[919, 920, 2062, 18]
[919, 920, 1383, 18]
[919, 920, 1301, 18]
[937, 938, 1240, 18]
[937, 938, 1277, 18]
[937, 938, 1571, 19]
[953, 954, 1333, 18]
[953, 954, 1486, 18]
[953, 954, 1947, 18]
[971, 972, 1729, 17]
[971, 972, 1313, 17]
[971, 972, 1416, 17]
[991, 992, 1690, 19]
[991, 992, 1377, 19]
[991, 992, 1497, 20]
[1009, 1010, 1360, 20]
[1153, 1154, 2059, 22]
[1279, 1280, 2438, 23]
[1511, 1512, 3011, 26]
[1637, 1638, 3095, 30]
[1889, 1890, 4167, 33]
[2141, 2142, 5661, 38]
[2341, 2342, 5586, 40]
[2593, 2594, 7861, 45]
[2897, 2898, 8910, 52]
[3259, 3260, 8838, 55]
[3671, 3672, 11055, 60]
[4139, 4140, 12045, 67]
[4519, 4520, 15642, 75]
[5059, 5060, 23040, 83]
[5741, 5742, 28462, 95]
[6337, 6338, 31449, 106]
[7109, 7110, 34584, 117]
[7901, 7902, 42012, 130]
[8819, 8820, 50470, 143]
[9901, 9902, 62773, 161]
[11087, 11088, 75664, 178]
[12421, 12422, 82743, 202]
[13807, 13808, 89062, 224]
[15443, 15444, 123043, 247]
[17099, 17100, 148213, 282]
[18973, 18974, 199916, 306]
[21169, 21170, 217675, 350]
[23633, 23634, 299116, 383]
[26119, 26120, 357385, 423]
[28961, 28962, 383486, 479]
[32363, 32364, 525259, 531]
[35983, 35984, 571952, 592]
[40231, 40232, 697231, 660]
[44621, 44622, 839817, 740]
[49807, 49808, 1033392, 825]
[55441, 55442, 1254289, 913]
[61631, 61632, 1507585, 1019]
[68581, 68582, 1837928, 1155]
[76103, 76104, 2232216, 1277]
[84457, 84458, 2694947, 1443]
[93871, 93872, 3251878, 1605]
[104381, 104382, 3985005, 1782]
[116099, 116100, 4867976, 2011]
[128431, 128432, 5801803, 2221]
[143263, 143264, 7065595, 2496]
